<?xml version="1.0" encoding="utf-8"?><testsuites name="pytest tests"><testsuite name="pytest" errors="0" failures="0" skipped="0" tests="27" time="4.372" timestamp="2025-09-04T23:42:24.579525+08:00" hostname="WIN-MVKQNESDKLS"><testcase classname="tests.test_basic.TestBasic" name="test_python_version" time="0.003" /><testcase classname="tests.test_basic.TestBasic" name="test_pytest_working" time="0.001" /><testcase classname="tests.test_basic.TestBasic" name="test_simple_math" time="0.001" /><testcase classname="tests.test_basic.TestBasic" name="test_string_operations" time="0.001" /><testcase classname="tests.test_basic.TestBasic" name="test_list_operations" time="0.001" /><testcase classname="tests.test_basic.TestBasic" name="test_dict_operations" time="0.001" /><testcase classname="tests.test_basic.TestBasic" name="test_exception_handling" time="0.001" /><testcase classname="tests.test_basic.TestBasic" name="test_file_operations" time="0.002" /><testcase classname="tests.test_basic.TestBasic" name="test_environment_variables" time="0.001" /><testcase classname="tests.test_basic.TestBasic" name="test_import_paths" time="0.001" /><testcase classname="tests.test_basic.TestBasic" name="test_parametrized[1-2]" time="0.001" /><testcase classname="tests.test_basic.TestBasic" name="test_parametrized[2-4]" time="0.001" /><testcase classname="tests.test_basic.TestBasic" name="test_parametrized[3-6]" time="0.001" /><testcase classname="tests.test_basic.TestBasic" name="test_parametrized[4-8]" time="0.001" /><testcase classname="tests.test_basic.TestBasic" name="test_parametrized[5-10]" time="0.001" /><testcase classname="tests.test_database.TestDatabase" name="test_sqlite_connection" time="0.001" /><testcase classname="tests.test_database.TestDatabase" name="test_create_table" time="0.068" /><testcase classname="tests.test_database.TestDatabase" name="test_insert_and_select" time="0.008" /><testcase classname="tests.test_database.TestDatabase" name="test_update_and_delete" time="0.049" /><testcase classname="tests.test_database.TestDatabase" name="test_transaction_rollback" time="0.007" /><testcase classname="tests.test_database.TestDatabase" name="test_mock_database_manager" time="0.001" /><testcase classname="tests.test_task_manager.TestTaskManager" name="test_task_config_creation" time="0.001" /><testcase classname="tests.test_task_manager.TestTaskManager" name="test_task_status_enum" time="0.001" /><testcase classname="tests.test_task_manager.TestTaskManager" name="test_task_type_enum" time="0.001" /><testcase classname="tests.test_task_manager.TestTaskManager" name="test_task_priority_enum" time="0.001" /><testcase classname="tests.test_task_manager.TestTaskManager" name="test_mock_task_manager" time="0.001" /><testcase classname="tests.test_task_manager.TestTaskManager" name="test_simple_database_operations" time="0.043" /></testsuite></testsuites>